// Jest Snapshot v1, https://goo.gl/fbAQLP

exports[`babel-config regression 1`] = `
Object {
  "env": Object {
    "test": Object {
      "presets": Array [
        Array [
          "@babel/preset-env",
          Object {
            "targets": Object {
              "node": "current",
            },
            "useBuiltIns": false,
          },
        ],
      ],
    },
  },
  "plugins": Array [
    "dynamic-import-node",
    "@babel/plugin-syntax-dynamic-import",
    "@babel/plugin-proposal-class-properties",
    "@babel/plugin-proposal-numeric-separator",
    "@babel/plugin-proposal-optional-catch-binding",
    "@babel/plugin-proposal-throw-expressions",
    "@babel/plugin-transform-runtime",
  ],
  "presets": Array [
    Array [
      "@babel/preset-env",
      Object {
        "targets": Object {
          "node": "10",
        },
        "useBuiltIns": false,
      },
    ],
  ],
}
`;
